// Jest Snapshot v1, https://goo.gl/fbAQLP

exports[`NotFound should match the correct snapshot 1`] = `
<h4>
  404 Page Not Found
</h4>
`;
